// Jest Snapshot v1, https://goo.gl/fbAQLP

exports[`renders correctly 1`] = `
<a
  href="#/countries/MCK"
  onClick={[Function]}
>
  <div
    className="p-2"
  >
    <div
      className="arrow-icon"
    >
      <svg
        aria-hidden={true}
        className="MuiSvgIcon-root"
        focusable="false"
        viewBox="0 0 24 24"
      >
        <path
          d="M14 8.83L17.17 12 14 15.17V14H6v-4h8V8.83M12 4v4H4v8h8v4l8-8-8-8z"
        />
      </svg>
    </div>
    <h2>
      Mock Region
    </h2>
    <h6
      className="co2"
    >
      CO
      <sub>
        2
      </sub>
      :
    </h6>
    <p>
      6
    </p>
  </div>
</a>
`;
